Analysis & Synthesis report for RISCVmulti
Thu May 28 14:18:56 2026
Quartus Prime Version 20.1.1 Build 720 11/11/2020 SJ Lite Edition


---------------------
; Table of Contents ;
---------------------
  1. Legal Notice
  2. Analysis & Synthesis Summary
  3. Analysis & Synthesis Settings
  4. Parallel Compilation
  5. Analysis & Synthesis Source Files Read
  6. Analysis & Synthesis Resource Usage Summary
  7. Analysis & Synthesis Resource Utilization by Entity
  8. State Machine - |ControlUnit|PresentState
  9. General Register Statistics
 10. Multiplexer Restructuring Statistics (Restructuring Performed)
 11. Post-Synthesis Netlist Statistics for Top Partition
 12. Elapsed Time Per Partition
 13. Analysis & Synthesis Messages



----------------
; Legal Notice ;
----------------
Copyright (C) 2020  Intel Corporation. All rights reserved.
Your use of Intel Corporation's design tools, logic functions 
and other software and tools, and any partner logic 
functions, and any output files from any of the foregoing 
(including device programming or simulation files), and any 
associated documentation or information are expressly subject 
to the terms and conditions of the Intel Program License 
Subscription Agreement, the Intel Quartus Prime License Agreement,
the Intel FPGA IP License Agreement, or other applicable license
agreement, including, without limitation, that your use is for
the sole purpose of programming logic devices manufactured by
Intel and sold by Intel or its authorized distributors.  Please
refer to the applicable agreement for further details, at
https://fpgasoftware.intel.com/eula.



+----------------------------------------------------------------------------------+
; Analysis & Synthesis Summary                                                     ;
+------------------------------------+---------------------------------------------+
; Analysis & Synthesis Status        ; Successful - Thu May 28 14:18:56 2026       ;
; Quartus Prime Version              ; 20.1.1 Build 720 11/11/2020 SJ Lite Edition ;
; Revision Name                      ; RISCVmulti                                  ;
; Top-level Entity Name              ; ControlUnit                                 ;
; Family                             ; Cyclone IV E                                ;
; Total logic elements               ; 87                                          ;
;     Total combinational functions  ; 85                                          ;
;     Dedicated logic registers      ; 10                                          ;
; Total registers                    ; 10                                          ;
; Total pins                         ; 45                                          ;
; Total virtual pins                 ; 0                                           ;
; Total memory bits                  ; 0                                           ;
; Embedded Multiplier 9-bit elements ; 0                                           ;
; Total PLLs                         ; 0                                           ;
+------------------------------------+---------------------------------------------+


+------------------------------------------------------------------------------------------------------------+
; Analysis & Synthesis Settings                                                                              ;
+------------------------------------------------------------------+--------------------+--------------------+
; Option                                                           ; Setting            ; Default Value      ;
+------------------------------------------------------------------+--------------------+--------------------+
; Device                                                           ; EP4CE115F29C7      ;                    ;
; Top-level entity name                                            ; ControlUnit        ; RISCVmulti         ;
; Family name                                                      ; Cyclone IV E       ; Cyclone V          ;
; VHDL Show LMF Mapping Messages                                   ; Off                ;                    ;
; VHDL Version                                                     ; VHDL_2008          ; VHDL_1993          ;
; Use smart compilation                                            ; Off                ; Off                ;
; Enable parallel Assembler and Timing Analyzer during compilation ; On                 ; On                 ;
; Enable compact report table                                      ; Off                ; Off                ;
; Restructure Multiplexers                                         ; Auto               ; Auto               ;
; Create Debugging Nodes for IP Cores                              ; Off                ; Off                ;
; Preserve fewer node names                                        ; On                 ; On                 ;
; Intel FPGA IP Evaluation Mode                                    ; Enable             ; Enable             ;
; Verilog Version                                                  ; Verilog_2001       ; Verilog_2001       ;
; State Machine Processing                                         ; Auto               ; Auto               ;
; Safe State Machine                                               ; Off                ; Off                ;
; Extract Verilog State Machines                                   ; On                 ; On                 ;
; Extract VHDL State Machines                                      ; On                 ; On                 ;
; Ignore Verilog initial constructs                                ; Off                ; Off                ;
; Iteration limit for constant Verilog loops                       ; 5000               ; 5000               ;
; Iteration limit for non-constant Verilog loops                   ; 250                ; 250                ;
; Add Pass-Through Logic to Inferred RAMs                          ; On                 ; On                 ;
; Infer RAMs from Raw Logic                                        ; On                 ; On                 ;
; Parallel Synthesis                                               ; On                 ; On                 ;
; DSP Block Balancing                                              ; Auto               ; Auto               ;
; NOT Gate Push-Back                                               ; On                 ; On                 ;
; Power-Up Don't Care                                              ; On                 ; On                 ;
; Remove Redundant Logic Cells                                     ; Off                ; Off                ;
; Remove Duplicate Registers                                       ; On                 ; On                 ;
; Ignore CARRY Buffers                                             ; Off                ; Off                ;
; Ignore CASCADE Buffers                                           ; Off                ; Off                ;
; Ignore GLOBAL Buffers                                            ; Off                ; Off                ;
; Ignore ROW GLOBAL Buffers                                        ; Off                ; Off                ;
; Ignore LCELL Buffers                                             ; Off                ; Off                ;
; Ignore SOFT Buffers                                              ; On                 ; On                 ;
; Limit AHDL Integers to 32 Bits                                   ; Off                ; Off                ;
; Optimization Technique                                           ; Balanced           ; Balanced           ;
; Carry Chain Length                                               ; 70                 ; 70                 ;
; Auto Carry Chains                                                ; On                 ; On                 ;
; Auto Open-Drain Pins                                             ; On                 ; On                 ;
; Perform WYSIWYG Primitive Resynthesis                            ; Off                ; Off                ;
; Auto ROM Replacement                                             ; On                 ; On                 ;
; Auto RAM Replacement                                             ; On                 ; On                 ;
; Auto DSP Block Replacement                                       ; On                 ; On                 ;
; Auto Shift Register Replacement                                  ; Auto               ; Auto               ;
; Allow Shift Register Merging across Hierarchies                  ; Auto               ; Auto               ;
; Auto Clock Enable Replacement                                    ; On                 ; On                 ;
; Strict RAM Replacement                                           ; Off                ; Off                ;
; Allow Synchronous Control Signals                                ; On                 ; On                 ;
; Force Use of Synchronous Clear Signals                           ; Off                ; Off                ;
; Auto RAM Block Balancing                                         ; On                 ; On                 ;
; Auto RAM to Logic Cell Conversion                                ; Off                ; Off                ;
; Auto Resource Sharing                                            ; Off                ; Off                ;
; Allow Any RAM Size For Recognition                               ; Off                ; Off                ;
; Allow Any ROM Size For Recognition                               ; Off                ; Off                ;
; Allow Any Shift Register Size For Recognition                    ; Off                ; Off                ;
; Use LogicLock Constraints during Resource Balancing              ; On                 ; On                 ;
; Ignore translate_off and synthesis_off directives                ; Off                ; Off                ;
; Timing-Driven Synthesis                                          ; On                 ; On                 ;
; Report Parameter Settings                                        ; On                 ; On                 ;
; Report Source Assignments                                        ; On                 ; On                 ;
; Report Connectivity Checks                                       ; On                 ; On                 ;
; Ignore Maximum Fan-Out Assignments                               ; Off                ; Off                ;
; Synchronization Register Chain Length                            ; 2                  ; 2                  ;
; Power Optimization During Synthesis                              ; Normal compilation ; Normal compilation ;
; HDL message level                                                ; Level2             ; Level2             ;
; Suppress Register Optimization Related Messages                  ; Off                ; Off                ;
; Number of Removed Registers Reported in Synthesis Report         ; 5000               ; 5000               ;
; Number of Swept Nodes Reported in Synthesis Report               ; 5000               ; 5000               ;
; Number of Inverted Registers Reported in Synthesis Report        ; 100                ; 100                ;
; Clock MUX Protection                                             ; On                 ; On                 ;
; Auto Gated Clock Conversion                                      ; Off                ; Off                ;
; Block Design Naming                                              ; Auto               ; Auto               ;
; SDC constraint protection                                        ; Off                ; Off                ;
; Synthesis Effort                                                 ; Auto               ; Auto               ;
; Shift Register Replacement - Allow Asynchronous Clear Signal     ; On                 ; On                 ;
; Pre-Mapping Resynthesis Optimization                             ; Off                ; Off                ;
; Analysis & Synthesis Message Level                               ; Medium             ; Medium             ;
; Disable Register Merging Across Hierarchies                      ; Auto               ; Auto               ;
; Resource Aware Inference For Block RAM                           ; On                 ; On                 ;
+------------------------------------------------------------------+--------------------+--------------------+


+------------------------------------------+
; Parallel Compilation                     ;
+----------------------------+-------------+
; Processors                 ; Number      ;
+----------------------------+-------------+
; Number detected on machine ; 12          ;
; Maximum allowed            ; 6           ;
;                            ;             ;
; Average used               ; 1.00        ;
; Maximum used               ; 6           ;
;                            ;             ;
; Usage by Processor         ; % Time Used ;
;     Processor 1            ; 100.0%      ;
;     Processors 2-6         ;   0.0%      ;
+----------------------------+-------------+


+--------------------------------------------------------------------------------------------------------------------------------------------------------------+
; Analysis & Synthesis Source Files Read                                                                                                                       ;
+----------------------------------+-----------------+-----------------+-----------------------------------------------------------------------------+---------+
; File Name with User-Entered Path ; Used in Netlist ; File Type       ; File Name with Absolute Path                                                ; Library ;
+----------------------------------+-----------------+-----------------+-----------------------------------------------------------------------------+---------+
; ControlUnit.vhd                  ; yes             ; User VHDL File  ; C:/Users/peter/OneDrive/Desktop/RISCV-Multicycle/SourceCode/ControlUnit.vhd ;         ;
+----------------------------------+-----------------+-----------------+-----------------------------------------------------------------------------+---------+


+------------------------------------------------------------------------------+
; Analysis & Synthesis Resource Usage Summary                                  ;
+---------------------------------------------+--------------------------------+
; Resource                                    ; Usage                          ;
+---------------------------------------------+--------------------------------+
; Estimated Total logic elements              ; 87                             ;
;                                             ;                                ;
; Total combinational functions               ; 85                             ;
; Logic element usage by number of LUT inputs ;                                ;
;     -- 4 input functions                    ; 57                             ;
;     -- 3 input functions                    ; 14                             ;
;     -- <=2 input functions                  ; 14                             ;
;                                             ;                                ;
; Logic elements by mode                      ;                                ;
;     -- normal mode                          ; 85                             ;
;     -- arithmetic mode                      ; 0                              ;
;                                             ;                                ;
; Total registers                             ; 10                             ;
;     -- Dedicated logic registers            ; 10                             ;
;     -- I/O registers                        ; 0                              ;
;                                             ;                                ;
; I/O pins                                    ; 45                             ;
;                                             ;                                ;
; Embedded Multiplier 9-bit elements          ; 0                              ;
;                                             ;                                ;
; Maximum fan-out node                        ; PresentState.ArthemeticExecute ;
; Maximum fan-out                             ; 16                             ;
; Total fan-out                               ; 386                            ;
; Average fan-out                             ; 2.09                           ;
+---------------------------------------------+--------------------------------+


+----------------------------------------------------------------------------------------------------------------------------------------------------------------------------------------------------------+
; Analysis & Synthesis Resource Utilization by Entity                                                                                                                                                      ;
+----------------------------+---------------------+---------------------------+-------------+--------------+---------+-----------+------+--------------+---------------------+-------------+--------------+
; Compilation Hierarchy Node ; Combinational ALUTs ; Dedicated Logic Registers ; Memory Bits ; DSP Elements ; DSP 9x9 ; DSP 18x18 ; Pins ; Virtual Pins ; Full Hierarchy Name ; Entity Name ; Library Name ;
+----------------------------+---------------------+---------------------------+-------------+--------------+---------+-----------+------+--------------+---------------------+-------------+--------------+
; |ControlUnit               ; 85 (85)             ; 10 (10)                   ; 0           ; 0            ; 0       ; 0         ; 45   ; 0            ; |ControlUnit        ; ControlUnit ; work         ;
+----------------------------+---------------------+---------------------------+-------------+--------------+---------+-----------+------+--------------+---------------------+-------------+--------------+
Note: For table entries with two numbers listed, the numbers in parentheses indicate the number of resources of the given type used by the specific entity alone. The numbers listed outside of parentheses indicate the total resources of the given type used by the specific entity and all of its sub-entities in the hierarchy.


Encoding Type:  One-Hot
+---------------------------------------------------------------------------------------------------------------------------------------------------------------------------------------------------------------------------------------------------------------------------------------------------------------------------------+
; State Machine - |ControlUnit|PresentState                                                                                                                                                                                                                                                                                       ;
+----------------------------------+-----------------------------+----------------------------+----------------------------+-------------------------------+--------------------------+----------------------------------+--------------------------------+----------------------------+---------------------+--------------------+
; Name                             ; PresentState.memAccessStore ; PresentState.writeBackLoad ; PresentState.memAccessLoad ; PresentState.storeLoadExecute ; PresentState.JumpExecute ; PresentState.ArthemeticWriteBack ; PresentState.ArthemeticExecute ; PresentState.BranchExecute ; PresentState.Decode ; PresentState.Fetch ;
+----------------------------------+-----------------------------+----------------------------+----------------------------+-------------------------------+--------------------------+----------------------------------+--------------------------------+----------------------------+---------------------+--------------------+
; PresentState.Fetch               ; 0                           ; 0                          ; 0                          ; 0                             ; 0                        ; 0                                ; 0                              ; 0                          ; 0                   ; 0                  ;
; PresentState.Decode              ; 0                           ; 0                          ; 0                          ; 0                             ; 0                        ; 0                                ; 0                              ; 0                          ; 1                   ; 1                  ;
; PresentState.BranchExecute       ; 0                           ; 0                          ; 0                          ; 0                             ; 0                        ; 0                                ; 0                              ; 1                          ; 0                   ; 1                  ;
; PresentState.ArthemeticExecute   ; 0                           ; 0                          ; 0                          ; 0                             ; 0                        ; 0                                ; 1                              ; 0                          ; 0                   ; 1                  ;
; PresentState.ArthemeticWriteBack ; 0                           ; 0                          ; 0                          ; 0                             ; 0                        ; 1                                ; 0                              ; 0                          ; 0                   ; 1                  ;
; PresentState.JumpExecute         ; 0                           ; 0                          ; 0                          ; 0                             ; 1                        ; 0                                ; 0                              ; 0                          ; 0                   ; 1                  ;
; PresentState.storeLoadExecute    ; 0                           ; 0                          ; 0                          ; 1                             ; 0                        ; 0                                ; 0                              ; 0                          ; 0                   ; 1                  ;
; PresentState.memAccessLoad       ; 0                           ; 0                          ; 1                          ; 0                             ; 0                        ; 0                                ; 0                              ; 0                          ; 0                   ; 1                  ;
; PresentState.writeBackLoad       ; 0                           ; 1                          ; 0                          ; 0                             ; 0                        ; 0                                ; 0                              ; 0                          ; 0                   ; 1                  ;
; PresentState.memAccessStore      ; 1                           ; 0                          ; 0                          ; 0                             ; 0                        ; 0                                ; 0                              ; 0                          ; 0                   ; 1                  ;
+----------------------------------+-----------------------------+----------------------------+----------------------------+-------------------------------+--------------------------+----------------------------------+--------------------------------+----------------------------+---------------------+--------------------+


+------------------------------------------------------+
; General Register Statistics                          ;
+----------------------------------------------+-------+
; Statistic                                    ; Value ;
+----------------------------------------------+-------+
; Total registers                              ; 10    ;
; Number of registers using Synchronous Clear  ; 0     ;
; Number of registers using Synchronous Load   ; 0     ;
; Number of registers using Asynchronous Clear ; 0     ;
; Number of registers using Asynchronous Load  ; 0     ;
; Number of registers using Clock Enable       ; 0     ;
; Number of registers using Preset             ; 0     ;
+----------------------------------------------+-------+


+--------------------------------------------------------------------------------------------------------------------------------------------+
; Multiplexer Restructuring Statistics (Restructuring Performed)                                                                             ;
+--------------------+-----------+---------------+----------------------+------------------------+------------+------------------------------+
; Multiplexer Inputs ; Bus Width ; Baseline Area ; Area if Restructured ; Saving if Restructured ; Registered ; Example Multiplexer Output   ;
+--------------------+-----------+---------------+----------------------+------------------------+------------+------------------------------+
; 8:1                ; 2 bits    ; 10 LEs        ; 10 LEs               ; 0 LEs                  ; No         ; |ControlUnit|RegWr           ;
; 8:1                ; 2 bits    ; 10 LEs        ; 10 LEs               ; 0 LEs                  ; No         ; |ControlUnit|ExuSrcB         ;
; 9:1                ; 2 bits    ; 12 LEs        ; 2 LEs                ; 10 LEs                 ; No         ; |ControlUnit|NextState.Fetch ;
+--------------------+-----------+---------------+----------------------+------------------------+------------+------------------------------+


+-----------------------------------------------------+
; Post-Synthesis Netlist Statistics for Top Partition ;
+-----------------------+-----------------------------+
; Type                  ; Count                       ;
+-----------------------+-----------------------------+
; boundary_port         ; 45                          ;
; cycloneiii_ff         ; 10                          ;
;     plain             ; 10                          ;
; cycloneiii_lcell_comb ; 90                          ;
;     normal            ; 90                          ;
;         1 data inputs ; 6                           ;
;         2 data inputs ; 13                          ;
;         3 data inputs ; 14                          ;
;         4 data inputs ; 57                          ;
;                       ;                             ;
; Max LUT depth         ; 5.00                        ;
; Average LUT depth     ; 3.65                        ;
+-----------------------+-----------------------------+


+-------------------------------+
; Elapsed Time Per Partition    ;
+----------------+--------------+
; Partition Name ; Elapsed Time ;
+----------------+--------------+
; Top            ; 00:00:00     ;
+----------------+--------------+


+-------------------------------+
; Analysis & Synthesis Messages ;
+-------------------------------+
Info: *******************************************************************
Info: Running Quartus Prime Analysis & Synthesis
    Info: Version 20.1.1 Build 720 11/11/2020 SJ Lite Edition
    Info: Processing started: Thu May 28 14:18:49 2026
Info: Command: quartus_map --read_settings_files=on --write_settings_files=off RISCVmulti -c RISCVmulti
Warning (18236): Number of processors has not been specified which may cause overloading on shared machines.  Set the global assignment NUM_PARALLEL_PROCESSORS in your QSF to an appropriate value for best performance.
Info (20030): Parallel compilation is enabled and will use 6 of the 6 processors detected
Info (12021): Found 2 design units, including 1 entities, in source file brentkungadder.vhd
    Info (12022): Found design unit 1: BrentKungAdder-structural File: C:/Users/peter/OneDrive/Desktop/RISCV-Multicycle/SourceCode/BrentKungAdder.vhd Line: 16
    Info (12023): Found entity 1: BrentKungAdder File: C:/Users/peter/OneDrive/Desktop/RISCV-Multicycle/SourceCode/BrentKungAdder.vhd Line: 4
Info (12021): Found 2 design units, including 1 entities, in source file blan.vhd
    Info (12022): Found design unit 1: BLAN-structural File: C:/Users/peter/OneDrive/Desktop/RISCV-Multicycle/SourceCode/BLAN.vhd Line: 13
    Info (12023): Found entity 1: BLAN File: C:/Users/peter/OneDrive/Desktop/RISCV-Multicycle/SourceCode/BLAN.vhd Line: 5
Info (12021): Found 2 design units, including 1 entities, in source file logicunit.vhd
    Info (12022): Found design unit 1: LogicUnit-rtl File: C:/Users/peter/OneDrive/Desktop/RISCV-Multicycle/SourceCode/LogicUnit.vhd Line: 16
    Info (12023): Found entity 1: LogicUnit File: C:/Users/peter/OneDrive/Desktop/RISCV-Multicycle/SourceCode/LogicUnit.vhd Line: 5
Info (12021): Found 2 design units, including 1 entities, in source file shiftunit.vhd
    Info (12022): Found design unit 1: ShiftUnit-rtl File: C:/Users/peter/OneDrive/Desktop/RISCV-Multicycle/SourceCode/ShiftUnit.vhd Line: 18
    Info (12023): Found entity 1: ShiftUnit File: C:/Users/peter/OneDrive/Desktop/RISCV-Multicycle/SourceCode/ShiftUnit.vhd Line: 7
Info (12021): Found 2 design units, including 1 entities, in source file execunit.vhd
    Info (12022): Found design unit 1: ExecUnit-structural File: C:/Users/peter/OneDrive/Desktop/RISCV-Multicycle/SourceCode/ExecUnit.vhd Line: 24
    Info (12023): Found entity 1: ExecUnit File: C:/Users/peter/OneDrive/Desktop/RISCV-Multicycle/SourceCode/ExecUnit.vhd Line: 5
Info (12021): Found 2 design units, including 1 entities, in source file regfile.vhd
    Info (12022): Found design unit 1: RegFile-structural File: C:/Users/peter/OneDrive/Desktop/RISCV-Multicycle/SourceCode/RegFile.vhd Line: 22
    Info (12023): Found entity 1: RegFile File: C:/Users/peter/OneDrive/Desktop/RISCV-Multicycle/SourceCode/RegFile.vhd Line: 5
Info (12021): Found 2 design units, including 1 entities, in source file reg.vhd
    Info (12022): Found design unit 1: Reg-behavioural File: C:/Users/peter/OneDrive/Desktop/RISCV-Multicycle/SourceCode/Reg.vhd Line: 20
    Info (12023): Found entity 1: Reg File: C:/Users/peter/OneDrive/Desktop/RISCV-Multicycle/SourceCode/Reg.vhd Line: 6
Info (12021): Found 2 design units, including 1 entities, in source file decoder_5to32.vhd
    Info (12022): Found design unit 1: decoder_5to32-behaviour File: C:/Users/peter/OneDrive/Desktop/RISCV-Multicycle/SourceCode/decoder_5to32.vhd Line: 16
    Info (12023): Found entity 1: decoder_5to32 File: C:/Users/peter/OneDrive/Desktop/RISCV-Multicycle/SourceCode/decoder_5to32.vhd Line: 5
Info (12021): Found 2 design units, including 1 entities, in source file decode_stage.vhd
    Info (12022): Found design unit 1: decode_stage-strucutral File: C:/Users/peter/OneDrive/Desktop/RISCV-Multicycle/SourceCode/decode_stage.vhd Line: 22
    Info (12023): Found entity 1: decode_stage File: C:/Users/peter/OneDrive/Desktop/RISCV-Multicycle/SourceCode/decode_stage.vhd Line: 5
Info (12021): Found 2 design units, including 1 entities, in source file upi.vhd
    Info (12022): Found design unit 1: UpI-rtl File: C:/Users/peter/OneDrive/Desktop/RISCV-Multicycle/SourceCode/UpI.vhd Line: 18
    Info (12023): Found entity 1: UpI File: C:/Users/peter/OneDrive/Desktop/RISCV-Multicycle/SourceCode/UpI.vhd Line: 4
Info (12021): Found 2 design units, including 1 entities, in source file controlunit.vhd
    Info (12022): Found design unit 1: ControlUnit-behaviour File: C:/Users/peter/OneDrive/Desktop/RISCV-Multicycle/SourceCode/ControlUnit.vhd Line: 36
    Info (12023): Found entity 1: ControlUnit File: C:/Users/peter/OneDrive/Desktop/RISCV-Multicycle/SourceCode/ControlUnit.vhd Line: 5
Info (12021): Found 1 design units, including 1 entities, in source file memunit.vhd
    Info (12023): Found entity 1: MemUnit File: C:/Users/peter/OneDrive/Desktop/RISCV-Multicycle/SourceCode/MemUnit.vhd Line: 6
Info (12127): Elaborating entity "ControlUnit" for the top level hierarchy
Info (286030): Timing-Driven Synthesis is running
Info (16010): Generating hard_block partition "hard_block:auto_generated_inst"
    Info (16011): Adding 0 node(s), including 0 DDIO, 0 PLL, 0 transceiver and 0 LCELL
Info (21057): Implemented 133 device resources after synthesis - the final resource count might be different
    Info (21058): Implemented 21 input pins
    Info (21059): Implemented 24 output pins
    Info (21061): Implemented 88 logic cells
Info: Quartus Prime Analysis & Synthesis was successful. 0 errors, 1 warning
    Info: Peak virtual memory: 4816 megabytes
    Info: Processing ended: Thu May 28 14:18:56 2026
    Info: Elapsed time: 00:00:07
    Info: Total CPU time (on all processors): 00:00:13


